// Jest Snapshot v1, https://goo.gl/fbAQLP

exports[`<TransferScreenLargeButton /> render correctly 1`] = `
<View
  accessible={true}
  isTVSelectable={true}
  onResponderGrant={[Function]}
  onResponderMove={[Function]}
  onResponderRelease={[Function]}
  onResponderTerminate={[Function]}
  onResponderTerminationRequest={[Function]}
  onStartShouldSetResponder={[Function]}
  style={
    Object {
      "alignItems": "center",
      "alignSelf": "center",
      "backgroundColor": "#263852",
      "borderBottomWidth": null,
      "borderColor": "#007aff",
      "borderLeftWidth": null,
      "borderRadius": 5,
      "borderRightWidth": null,
      "borderTopWidth": null,
      "borderWidth": undefined,
      "elevation": 2,
      "flexDirection": "row",
      "height": "30%",
      "justifyContent": "center",
      "marginBottom": 40,
      "marginTop": 20,
      "opacity": 1,
      "paddingBottom": 6,
      "paddingTop": 6,
      "shadowColor": "#000",
      "shadowOffset": Object {
        "height": 2,
        "width": 0,
      },
      "shadowOpacity": 0.8,
      "shadowRadius": 2,
      "width": 300,
    }
  }
>
  <Text
    style={
      Object {
        "backgroundColor": "transparent",
        "color": "#fff",
        "fontFamily": "System",
        "fontSize": 16.5,
        "marginLeft": 0,
        "marginRight": 0,
        "paddingLeft": 16,
        "paddingRight": 16,
      }
    }
    uppercase={false}
  >
    test
  </Text>
</View>
`;
